// Jest Snapshot v1, https://goo.gl/fbAQLP

exports[`should render <RadioGroup /> component correct should render radio group button 1`] = `
<div
  className="radio-group"
>
  <label
    className="radio-group__label"
    htmlFor="0"
  >
    <input
      className="radio-group__input"
      id="0"
      name="Lord Volan De Mort"
      type="radio"
    />
    <span>
      Lord Volan De Mort
    </span>
  </label>
</div>
`;
